#
# A fatal error has been detected by the Java Runtime Environment:
#
#  EXCEPTION_ACCESS_VIOLATION (0xc0000005) at pc=0x000001d7b98e3dc3, pid=22840, tid=11672
#
# JRE version: Java(TM) SE Runtime Environment (25.0.4+7) (build 25.0.4+7-LTS-189)
# Java VM: Java HotSpot(TM) 64-Bit Server VM (25.0.4+7-LTS-189, mixed mode, sharing, tiered, compressed oops, compressed class ptrs, g1 gc, windows-amd64)
# Problematic frame:
# v  ~StubRoutines::jbyte_fill 0x000001d7b98e3dc3
#
# No core dump will be written. Minidumps are not enabled by default on client versions of Windows
#
# If you would like to submit a bug report, please visit:
#   https://bugreport.java.com/bugreport/crash.jsp
#

---------------  S U M M A R Y ------------

Command Line: -javaagent:C:\Users\ZHESON~1\AppData\Local\Temp\captureAgent10280jars\debugger-agent.jar=file:///C:/Users/ZHESON~1/AppData/Local/Temp/capture13360079592122843903.props -ea -Didea.test.cyclic.buffer.size=1048576 -javaagent:D:\dev\idea\IntelliJ IDEA 2026.2.0.1\lib\idea_rt.jar=58067 -Dkotlinx.coroutines.debug.enable.creation.stack.trace=false -Ddebugger.agent.enable.coroutines=true -Dkotlinx.coroutines.debug.enable.flows.stack.trace=true -Dkotlinx.coroutines.debug.enable.mutable.state.flows.stack.trace=true -Ddebugger.async.stack.trace.for.all.threads=true -Ddebugger.agent.enable.log.capture=true -Dfile.encoding=UTF-8 -Dsun.stdout.encoding=UTF-8 -Dsun.stderr.encoding=UTF-8 com.intellij.rt.junit.JUnitStarter -ideVersion5 -junit5 com.lib.AppTest,testParseArgs

Host: Intel(R) Core(TM) Ultra 5 336H, 12 cores, 31G,  Windows 11 , 64 bit Build 26100 (10.0.26100.9444)
Time: Fri Sep 18 14:06:50 2026 elapsed time: 0.736198 seconds (0d 0h 0m 0s)

---------------  T H R E A D  ---------------

Current thread (0x000001d7d31f9ae0):  JavaThread "Thread-1"         [_thread_in_vm, id=11672, stack(0x000000064f300000,0x000000064f400000) (1024K)]

Stack: [0x000000064f300000,0x000000064f400000],  sp=0x000000064f3ff170,  free space=1020k
Native frames: (J=compiled Java code, j=interpreted, Vv=VM code, C=native code)
C  0x000001d7b98e3dc3  (no source info available)

The last pc belongs to jbyte_fill (printed below).
Java frames: (J=compiled Java code, j=interpreted, Vv=VM code)
j  jdk.internal.misc.Unsafe.setMemory0(Ljava/lang/Object;JJB)V+0 java.base@25.0.4
j  jdk.internal.misc.Unsafe.setMemory(Ljava/lang/Object;JJB)V+25 java.base@25.0.4
j  sun.misc.Unsafe.setMemory(Ljava/lang/Object;JJB)V+12 jdk.unsupported@25.0.4
j  org.lwjgl.system.MemoryBackendUnsafeLegacy25.memset(JIJ)V+36
j  org.lwjgl.system.MemoryUtil.memSet(JIJ)V+32
j  com.lib.util.ArgumentParser.parseArgs([Ljava/lang/String;)V+81
j  com.lib.AppTest.lambda$testParseArgs$1()V+30
j  com.lib.AppTest$$Lambda+0x00000000091970b0.run()V+0
j  java.lang.Thread.runWith(Ljava/lang/Object;Ljava/lang/Runnable;)V+5 java.base@25.0.4
j  java.lang.Thread.run()V+19 java.base@25.0.4
v  ~StubRoutines::call_stub 0x000001d7b98b12ed

siginfo: EXCEPTION_ACCESS_VIOLATION (0xc0000005), writing address 0x0000000000000000


Registers:
RAX=0x0000000000000000, RBX=0x000001d7d31f9ae0, RCX=0x0000000000000000, RDX=0x0000000000000000
RSP=0x000000064f3ff170, RBP=0x000000064f3ff170, RSI=0x0000000000000000, RDI=0x0000000000000000
R8 =0x0000000000000001, R9 =0x0000000000000000, R10=0x0000000000000001, R11=0x0000000000000001
R12=0x0000000000000000, R13=0x0000000008cf9ba0, R14=0x000000064f3ff2a0, R15=0x000001d7d31f9ae0
RIP=0x000001d7b98e3dc3, EFLAGS=0x0000000000010202

XMM[0]=0x0000000000000000 0x0000000000000000
XMM[1]=0x0000000000000000 0x0000000000000000
XMM[2]=0x0000000000000000 0x0000000000000000
XMM[3]=0x0000000000000000 0x0000000000000000
XMM[4]=0x0000000000000000 0x0000000000000000
XMM[5]=0x0000000000000000 0x0000000000000000
XMM[6]=0x0000000000000000 0x0000000000000000
XMM[7]=0x0000000000000000 0x0000000000000000
XMM[8]=0x0000000000000000 0x0000000000000000
XMM[9]=0x0000000000000000 0x0000000000000000
XMM[10]=0x0000000000000000 0x0000000000000000
XMM[11]=0x0000000000000000 0x0000000000000000
XMM[12]=0x0000000000000000 0x0000000000000000
XMM[13]=0x0000000000000000 0x0000000000000000
XMM[14]=0x0000000000000000 0x0000000000000000
XMM[15]=0x0000000000000000 0x0000000000000000
  MXCSR=0x00001fa0


Register to memory mapping:

RAX=0x0 is null
RBX=0x000001d7d31f9ae0 is a thread
RCX=0x0 is null
RDX=0x0 is null
RSP=0x000000064f3ff170 is pointing into the stack for thread: 0x000001d7d31f9ae0
RBP=0x000000064f3ff170 is pointing into the stack for thread: 0x000001d7d31f9ae0
RSI=0x0 is null
RDI=0x0 is null
R8 =0x0000000000000001 is an unknown value
R9 =0x0 is null
R10=0x0000000000000001 is an unknown value
R11=0x0000000000000001 is an unknown value
R12=0x0 is null
R13=0x0000000008cf9ba0 is pointing into metadata
R14=0x000000064f3ff2a0 is pointing into the stack for thread: 0x000001d7d31f9ae0
R15=0x000001d7d31f9ae0 is a thread

Top of Stack: (sp=0x000000064f3ff170)
0x000000064f3ff170:   000000064f3ff250 00007ffea5322579   P.?O....y%2.....
0x000000064f3ff180:   000001d7d31f9ae0 0000000000000118   ................
0x000000064f3ff190:   000000064f3ff2a0 00007ffea4e65d33   ..?O....3]......
0x000000064f3ff1a0:   0000000000000178 000001d7b98bd193   x...............
0x000000064f3ff1b0:   00000000000003d8 0000000008496100   .........aI.....
0x000000064f3ff1c0:   000001d7cf7f5c00 000001d7cb795300   .\.......Sy.....
0x000000064f3ff1d0:   0000000000000001 0000000000000000   ................
0x000000064f3ff1e0:   000000064f3ff260 000001d7b98b8b18   `.?O............
0x000000064f3ff1f0:   000000064f3ff260 000001d7b98b8b18   `.?O............
0x000000064f3ff200:   0000000000000001 fffffffffffffff7   ................
0x000000064f3ff210:   0000000000000000 000000000000000a   ................
0x000000064f3ff220:   0000000008496588 0000000000000000   .eI.............
0x000000064f3ff230:   000000053c089a90 0000000008496100   ...<.....aI.....
0x000000064f3ff240:   0000000000000000 000000064f3ff270   ........p.?O....
0x000000064f3ff250:   000000064f3ff2f0 000001d7b98b8b18   ..?O............
0x000000064f3ff260:   0000000000000000 000001d7b98ba757   ........W.......
0x000000064f3ff270:   0000000000000000 0000000000000001   ................
0x000000064f3ff280:   0000000000000000 0000000000000000   ................
0x000000064f3ff290:   0000000000000000 0000000000000000   ................
0x000000064f3ff2a0:   00000003604081f8 fffffffffffffff7   ..@`............
0x000000064f3ff2b0:   0000000008cf41e9 0000000000000008   .A..............
0x000000064f3ff2c0:   0000000008496588 0000000000000000   .eI.............
0x000000064f3ff2d0:   000000053c089a90 0000000008491ad8   ...<......I.....
0x000000064f3ff2e0:   fffffffffffffff0 000000064f3ff300   ..........?O....
0x000000064f3ff2f0:   000000064f3ff380 000001d7b98b8b18   ..?O............
0x000000064f3ff300:   0000000000000000 0000000000000001   ................
0x000000064f3ff310:   0000000000000000 0000000000000000   ................
0x000000064f3ff320:   0000000000000000 0000000000000000   ................
0x000000064f3ff330:   00000003604081f8 fffffffffffffff7   ..@`............
0x000000064f3ff340:   000001d7cf9041ac 0000000000000008   .A..............
0x000000064f3ff350:   000001d7cf908bb0 0000000000000000   ................
0x000000064f3ff360:   00000003604655c0 000001d7cf904200   .UF`.....B......

Instructions: (pc=0x000001d7b98e3dc3)
  0x000001d7b98e3cc3:   b8 40 b1 9f a4 fe 7f 00 00 ff d0 48 83 c4 20 41
  0x000001d7b98e3cd3:   5b 41 5a 41 59 41 58 59 5a 5e 5f 4c 8b f8 58 49
  0x000001d7b98e3ce3:   89 bf 98 06 00 00 49 89 b7 90 06 00 00 48 8b f9
  0x000001d7b98e3cf3:   48 8b f2 49 8b d0 48 8b c8 4d 8b c3 e9 99 f6 ff
  0x000001d7b98e3d03:   ff 5f 48 33 c0 48 f7 d0 c9 c3 66 66 66 0f 1f 84
  0x000001d7b98e3d13:   00 00 00 00 00 66 66 66 90 0f 1f 40 00 4d 8b d8
  0x000001d7b98e3d23:   55 48 8b ec 81 e2 ff 00 00 00 8b c2 c1 e0 08 0b
  0x000001d7b98e3d33:   d0 8b c2 c1 e0 10 0b d0 49 83 fb 08 0f 82 5f 00
  0x000001d7b98e3d43:   00 00 c5 f9 6e c2 c4 e2 7d 58 c0 49 83 eb 40 0f
  0x000001d7b98e3d53:   8c 1b 00 00 00 0f 1f 84 00 00 00 00 00 c5 fe 7f
  0x000001d7b98e3d63:   01 c5 fe 7f 41 20 48 83 c1 40 49 83 eb 40 7d ed
  0x000001d7b98e3d73:   49 83 c3 20 7c 0c c5 fe 7f 01 48 83 c1 20 49 83
  0x000001d7b98e3d83:   eb 20 c5 f9 6e c2 c5 f9 70 c0 00 49 83 c3 20 74
  0x000001d7b98e3d93:   31 eb 08 c5 f9 d6 01 48 83 c1 08 49 83 eb 08 7d
  0x000001d7b98e3da3:   f2 41 f6 c3 04 74 06 89 11 48 83 c1 04 41 f6 c3
  0x000001d7b98e3db3:   02 74 07 66 89 11 48 83 c1 02 41 f6 c3 01 74 02
=>0x000001d7b98e3dc3:   88 11 c5 f8 77 c9 c3 66 66 66 0f 1f 84 00 00 00
  0x000001d7b98e3dd3:   00 00 66 66 66 90 0f 1f 80 00 00 00 00 4d 8b d8
  0x000001d7b98e3de3:   55 48 8b ec 81 e2 ff ff 00 00 8b c2 c1 e0 10 0b
  0x000001d7b98e3df3:   d0 49 83 fb 04 0f 82 66 00 00 00 c5 f9 6e c2 c4
  0x000001d7b98e3e03:   e2 7d 58 c0 49 83 eb 20 0f 8c 22 00 00 00 66 66
  0x000001d7b98e3e13:   66 0f 1f 84 00 00 00 00 00 66 66 66 90 c5 fe 7f
  0x000001d7b98e3e23:   01 c5 fe 7f 41 20 48 83 c1 40 49 83 eb 20 7d ed
  0x000001d7b98e3e33:   49 83 c3 10 7c 0c c5 fe 7f 01 48 83 c1 20 49 83
  0x000001d7b98e3e43:   eb 10 c5 f9 6e c2 c5 f9 70 c0 00 49 83 c3 10 74
  0x000001d7b98e3e53:   25 eb 08 c5 f9 d6 01 48 83 c1 08 49 83 eb 04 7d
  0x000001d7b98e3e63:   f2 41 f6 c3 02 74 06 89 11 48 83 c1 04 41 f6 c3
  0x000001d7b98e3e73:   01 74 03 66 89 11 c5 f8 77 c9 c3 66 90 4d 8b d8
  0x000001d7b98e3e83:   55 48 8b ec 49 83 fb 02 0f 82 63 00 00 00 c5 f9
  0x000001d7b98e3e93:   6e c2 c4 e2 7d 58 c0 49 83 eb 10 0f 8c 1f 00 00
  0x000001d7b98e3ea3:   00 0f 1f 84 00 00 00 00 00 66 66 66 90 c5 fe 7f
  0x000001d7b98e3eb3:   01 c5 fe 7f 41 20 48 83 c1 40 49 83 eb 10 7d ed


Stack slot to memory mapping:

stack at sp + 0 slots: 0x000000064f3ff250 is pointing into the stack for thread: 0x000001d7d31f9ae0
stack at sp + 1 slots: 0x00007ffea5322579 jvm.dll
stack at sp + 2 slots: 0x000001d7d31f9ae0 is a thread
stack at sp + 3 slots: 0x0000000000000118 is an unknown value
stack at sp + 4 slots: 0x000000064f3ff2a0 is pointing into the stack for thread: 0x000001d7d31f9ae0
stack at sp + 5 slots: 0x00007ffea4e65d33 jvm.dll
stack at sp + 6 slots: 0x0000000000000178 is an unknown value
stack at sp + 7 slots: 0x000001d7b98bd193 is at code_begin+979 in an Interpreter codelet
native method entry point (kind = native)  [0x000001d7b98bcdc0, 0x000001d7b98bd8b8]  2808 bytes

Lock stack of current Java thread (top to bottom):

StubRoutines::jbyte_fill [0x000001d7b98e3d20, 0x000001d7b98e3dca] (170 bytes)
[MachCode]
  0x000001d7b98e3d20: 4d8b d855 | 488b ec81 | e2ff 0000 | 008b c2c1 | e008 0bd0 | 8bc2 c1e0 | 100b d049 | 83fb 080f 
  0x000001d7b98e3d40: 825f 0000 | 00c5 f96e | c2c4 e27d | 58c0 4983 | eb40 0f8c | 1b00 0000 | 0f1f 8400 | 0000 0000 
  0x000001d7b98e3d60: c5fe 7f01 | c5fe 7f41 | 2048 83c1 | 4049 83eb | 407d ed49 | 83c3 207c | 0cc5 fe7f | 0148 83c1 
  0x000001d7b98e3d80: 2049 83eb | 20c5 f96e | c2c5 f970 | c000 4983 | c320 7431 | eb08 c5f9 | d601 4883 | c108 4983 
  0x000001d7b98e3da0: eb08 7df2 | 41f6 c304 | 7406 8911 | 4883 c104 | 41f6 c302 | 7407 6689 | 1148 83c1 | 0241 f6c3 
  0x000001d7b98e3dc0: 0174 0288 | 11c5 f877 | 
[/MachCode]

---------------  P R O C E S S  ---------------

Threads class SMR info:
_java_thread_list=0x000001d7d3783a00, length=16, elements={
0x000001d7a9ae1d20, 0x000001d7cb8f3d60, 0x000001d7cb8f4520, 0x000001d7cb8e2c60,
0x000001d7cb8e7440, 0x000001d7cb8e7c00, 0x000001d7cb8e83c0, 0x000001d7cb90d090,
0x000001d7cb911f50, 0x000001d7ce566120, 0x000001d7ce64c4f0, 0x000001d7ce66eeb0,
0x000001d7ce7ef910, 0x000001d7ce7a1a00, 0x000001d7d4d34cc0, 0x000001d7d31f9ae0
}

Java Threads: ( => current thread )
  0x000001d7a9ae1d20 JavaThread "main"                              [_thread_blocked, id=37036, stack(0x000000064cc00000,0x000000064cd00000) (1024K)]
  0x000001d7cb8f3d60 JavaThread "Reference Handler"          daemon [_thread_blocked, id=23108, stack(0x000000064d400000,0x000000064d500000) (1024K)]
  0x000001d7cb8f4520 JavaThread "Finalizer"                  daemon [_thread_blocked, id=25492, stack(0x000000064d500000,0x000000064d600000) (1024K)]
  0x000001d7cb8e2c60 JavaThread "Signal Dispatcher"          daemon [_thread_blocked, id=24892, stack(0x000000064d600000,0x000000064d700000) (1024K)]
  0x000001d7cb8e7440 JavaThread "Attach Listener"            daemon [_thread_blocked, id=8284, stack(0x000000064d700000,0x000000064d800000) (1024K)]
  0x000001d7cb8e7c00 JavaThread "Service Thread"             daemon [_thread_blocked, id=11228, stack(0x000000064d800000,0x000000064d900000) (1024K)]
  0x000001d7cb8e83c0 JavaThread "Monitor Deflation Thread"   daemon [_thread_blocked, id=856, stack(0x000000064d900000,0x000000064da00000) (1024K)]
  0x000001d7cb90d090 JavaThread "C2 CompilerThread0"         daemon [_thread_blocked, id=43464, stack(0x000000064da00000,0x000000064db00000) (1024K)]
  0x000001d7cb911f50 JavaThread "C1 CompilerThread0"         daemon [_thread_blocked, id=40772, stack(0x000000064db00000,0x000000064dc00000) (1024K)]
  0x000001d7ce566120 JavaThread "Common-Cleaner"             daemon [_thread_blocked, id=17564, stack(0x000000064dc00000,0x000000064dd00000) (1024K)]
  0x000001d7ce64c4f0 JavaThread "IntelliJ Debugger Overhead Detector Coarse Timer" daemon [_thread_blocked, id=31856, stack(0x000000064dd00000,0x000000064de00000) (1024K)]
  0x000001d7ce66eeb0 JavaThread "IntelliJ Debugger Helper Thread" daemon [_thread_blocked, id=24728, stack(0x000000064de00000,0x000000064df00000) (1024K)]
  0x000001d7ce7ef910 JavaThread "Monitor Ctrl-Break"         daemon [_thread_in_native, id=11268, stack(0x000000064df00000,0x000000064e000000) (1024K)]
  0x000001d7ce7a1a00 JavaThread "Notification Thread"        daemon [_thread_blocked, id=28916, stack(0x000000064e000000,0x000000064e100000) (1024K)]
  0x000001d7d4d34cc0 JavaThread "Thread-0"                          [_thread_in_native, id=42016, stack(0x000000064f200000,0x000000064f300000) (1024K)]
=>0x000001d7d31f9ae0 JavaThread "Thread-1"                          [_thread_in_vm, id=11672, stack(0x000000064f300000,0x000000064f400000) (1024K)]
Total: 16

Other Threads:
  0x000001d7cb8d1de0 VMThread "VM Thread"                           [id=33288, stack(0x000000064d300000,0x000000064d400000) (1024K)]
  0x000001d7cb8c5620 WatcherThread "VM Periodic Task Thread"        [id=43832, stack(0x000000064d200000,0x000000064d300000) (1024K)]
  0x000001d7cb7609c0 WorkerThread "GC Thread#0"                     [id=22388, stack(0x000000064cd00000,0x000000064ce00000) (1024K)]
  0x000001d7dad99770 WorkerThread "GC Thread#1"                     [id=11904, stack(0x000000064e900000,0x000000064ea00000) (1024K)]
  0x000001d7dad981e0 WorkerThread "GC Thread#2"                     [id=11108, stack(0x000000064ea00000,0x000000064eb00000) (1024K)]
  0x000001d7dad98630 WorkerThread "GC Thread#3"                     [id=35192, stack(0x000000064eb00000,0x000000064ec00000) (1024K)]
  0x000001d7dad98a80 WorkerThread "GC Thread#4"                     [id=14052, stack(0x000000064ec00000,0x000000064ed00000) (1024K)]
  0x000001d7dad9a460 WorkerThread "GC Thread#5"                     [id=38664, stack(0x000000064ed00000,0x000000064ee00000) (1024K)]
  0x000001d7dad99bc0 WorkerThread "GC Thread#6"                     [id=24888, stack(0x000000064ee00000,0x000000064ef00000) (1024K)]
  0x000001d7dad96c50 WorkerThread "GC Thread#7"                     [id=17864, stack(0x000000064ef00000,0x000000064f000000) (1024K)]
  0x000001d7dad98ed0 WorkerThread "GC Thread#8"                     [id=42596, stack(0x000000064f000000,0x000000064f100000) (1024K)]
  0x000001d7dad9a010 WorkerThread "GC Thread#9"                     [id=6028, stack(0x000000064f100000,0x000000064f200000) (1024K)]
  0x000001d7a9b689e0 ConcurrentGCThread "G1 Main Marker"            [id=6216, stack(0x000000064ce00000,0x000000064cf00000) (1024K)]
  0x000001d7a9b6c2e0 WorkerThread "G1 Conc#0"                       [id=36668, stack(0x000000064cf00000,0x000000064d000000) (1024K)]
  0x000001d7cb799fd0 ConcurrentGCThread "G1 Refine#0"               [id=17804, stack(0x000000064d000000,0x000000064d100000) (1024K)]
  0x000001d7cb79b4a0 ConcurrentGCThread "G1 Service"                [id=9128, stack(0x000000064d100000,0x000000064d200000) (1024K)]
Total: 16

Threads with active compile tasks:
C1 CompilerThread0  853 2183       3       jdk.internal.util.ArraysSupport::vectorizedHashCode (158 bytes)
Total: 1

VM state: not at safepoint (normal execution)

VM Mutex/Monitor currently owned by a thread: None

Heap address: 0x0000000343c00000, size: 8072 MB, Compressed Oops mode: Zero based, Oop shift amount: 3

CDS archive(s) mapped at: [0x0000000008000000-0x0000000008dd0000-0x0000000008dd0000), size 14483456, SharedBaseAddress: 0x0000000008000000, ArchiveRelocationMode: 1.
Compressed class space mapped at: 0x0000000009000000-0x0000000049000000, reserved size: 1073741824
UseCompressedClassPointers 1, UseCompactObjectHeaders 0
Narrow klass pointer bits 32, Max shift 3
Narrow klass base: 0x0000000008000000, Narrow klass shift: 0
Encoding Range: [0x0000000008000000 - 0x0000000108000000), (4294967296 bytes)
Klass Range:    [0x0000000008010000 - 0x0000000049000000), (1090453504 bytes)
Klass ID Range:  [65536 - 1090519033) (1090453497)
Protection zone: [0x0000000008000000 - 0x0000000008010000), (65536 bytes)

GC Precious Log:
 CardTable entry size: 512
 Card Set container configuration: InlinePtr #cards 4 size 8 Array Of Cards #cards 32 size 80 Howl #buckets 8 coarsen threshold 7372 Howl Bitmap #cards 1024 size 144 coarsen threshold 921 Card regions per heap region 1 cards per card region 8192
 CPUs: 12 total, 12 available
 Memory: 32272M
 Large Page Support: Disabled
 NUMA Support: Disabled
 Compressed Oops: Enabled (Zero based)
 Heap Region Size: 4M
 Heap Min Capacity: 8M
 Heap Initial Capacity: 508M
 Heap Max Capacity: 8072M
 Pre-touch: Disabled
 Parallel Workers: 10
 Concurrent Workers: 3
 Concurrent Refinement Workers: 10
 Periodic GC: Disabled

Heap:
 garbage-first heap   total reserved 8265728K, committed 524288K, used 17029K [0x0000000343c00000, 0x000000053c400000)
  region size 4096K, 5 young (20480K), 1 survivors (4096K)

Heap Regions: E=young(eden), S=young(survivor), O=old, HS=humongous(starts), HC=humongous(continues), CS=collection set, F=free, TAMS=top-at-mark-start, PB=parsable bottom
|   0|0x0000000343c00000, 0x0000000343c00000, 0x0000000344000000|  0%| F|  |TAMS 0x0000000343c00000| PB 0x0000000343c00000| Untracked |  0
|   1|0x0000000344000000, 0x0000000344000000, 0x0000000344400000|  0%| F|  |TAMS 0x0000000344000000| PB 0x0000000344000000| Untracked |  0
|   2|0x0000000344400000, 0x0000000344400000, 0x0000000344800000|  0%| F|  |TAMS 0x0000000344400000| PB 0x0000000344400000| Untracked |  0
|   3|0x0000000344800000, 0x0000000344800000, 0x0000000344c00000|  0%| F|  |TAMS 0x0000000344800000| PB 0x0000000344800000| Untracked |  0
|   4|0x0000000344c00000, 0x0000000344c00000, 0x0000000345000000|  0%| F|  |TAMS 0x0000000344c00000| PB 0x0000000344c00000| Untracked |  0
|   5|0x0000000345000000, 0x0000000345000000, 0x0000000345400000|  0%| F|  |TAMS 0x0000000345000000| PB 0x0000000345000000| Untracked |  0
|   6|0x0000000345400000, 0x0000000345400000, 0x0000000345800000|  0%| F|  |TAMS 0x0000000345400000| PB 0x0000000345400000| Untracked |  0
|   7|0x0000000345800000, 0x0000000345800000, 0x0000000345c00000|  0%| F|  |TAMS 0x0000000345800000| PB 0x0000000345800000| Untracked |  0
|   8|0x0000000345c00000, 0x0000000345c00000, 0x0000000346000000|  0%| F|  |TAMS 0x0000000345c00000| PB 0x0000000345c00000| Untracked |  0
|   9|0x0000000346000000, 0x0000000346000000, 0x0000000346400000|  0%| F|  |TAMS 0x0000000346000000| PB 0x0000000346000000| Untracked |  0
|  10|0x0000000346400000, 0x0000000346400000, 0x0000000346800000|  0%| F|  |TAMS 0x0000000346400000| PB 0x0000000346400000| Untracked |  0
|  11|0x0000000346800000, 0x0000000346800000, 0x0000000346c00000|  0%| F|  |TAMS 0x0000000346800000| PB 0x0000000346800000| Untracked |  0
|  12|0x0000000346c00000, 0x0000000346c00000, 0x0000000347000000|  0%| F|  |TAMS 0x0000000346c00000| PB 0x0000000346c00000| Untracked |  0
|  13|0x0000000347000000, 0x0000000347000000, 0x0000000347400000|  0%| F|  |TAMS 0x0000000347000000| PB 0x0000000347000000| Untracked |  0
|  14|0x0000000347400000, 0x0000000347400000, 0x0000000347800000|  0%| F|  |TAMS 0x0000000347400000| PB 0x0000000347400000| Untracked |  0
|  15|0x0000000347800000, 0x0000000347800000, 0x0000000347c00000|  0%| F|  |TAMS 0x0000000347800000| PB 0x0000000347800000| Untracked |  0
|  16|0x0000000347c00000, 0x0000000347c00000, 0x0000000348000000|  0%| F|  |TAMS 0x0000000347c00000| PB 0x0000000347c00000| Untracked |  0
|  17|0x0000000348000000, 0x0000000348000000, 0x0000000348400000|  0%| F|  |TAMS 0x0000000348000000| PB 0x0000000348000000| Untracked |  0
|  18|0x0000000348400000, 0x0000000348400000, 0x0000000348800000|  0%| F|  |TAMS 0x0000000348400000| PB 0x0000000348400000| Untracked |  0
|  19|0x0000000348800000, 0x0000000348800000, 0x0000000348c00000|  0%| F|  |TAMS 0x0000000348800000| PB 0x0000000348800000| Untracked |  0
|  20|0x0000000348c00000, 0x0000000348c00000, 0x0000000349000000|  0%| F|  |TAMS 0x0000000348c00000| PB 0x0000000348c00000| Untracked |  0
|  21|0x0000000349000000, 0x0000000349000000, 0x0000000349400000|  0%| F|  |TAMS 0x0000000349000000| PB 0x0000000349000000| Untracked |  0
|  22|0x0000000349400000, 0x0000000349400000, 0x0000000349800000|  0%| F|  |TAMS 0x0000000349400000| PB 0x0000000349400000| Untracked |  0
|  23|0x0000000349800000, 0x0000000349800000, 0x0000000349c00000|  0%| F|  |TAMS 0x0000000349800000| PB 0x0000000349800000| Untracked |  0
|  24|0x0000000349c00000, 0x0000000349c00000, 0x000000034a000000|  0%| F|  |TAMS 0x0000000349c00000| PB 0x0000000349c00000| Untracked |  0
|  25|0x000000034a000000, 0x000000034a000000, 0x000000034a400000|  0%| F|  |TAMS 0x000000034a000000| PB 0x000000034a000000| Untracked |  0
|  26|0x000000034a400000, 0x000000034a400000, 0x000000034a800000|  0%| F|  |TAMS 0x000000034a400000| PB 0x000000034a400000| Untracked |  0
|  27|0x000000034a800000, 0x000000034a800000, 0x000000034ac00000|  0%| F|  |TAMS 0x000000034a800000| PB 0x000000034a800000| Untracked |  0
|  28|0x000000034ac00000, 0x000000034ac00000, 0x000000034b000000|  0%| F|  |TAMS 0x000000034ac00000| PB 0x000000034ac00000| Untracked |  0
|  29|0x000000034b000000, 0x000000034b000000, 0x000000034b400000|  0%| F|  |TAMS 0x000000034b000000| PB 0x000000034b000000| Untracked |  0
|  30|0x000000034b400000, 0x000000034b400000, 0x000000034b800000|  0%| F|  |TAMS 0x000000034b400000| PB 0x000000034b400000| Untracked |  0
|  31|0x000000034b800000, 0x000000034b800000, 0x000000034bc00000|  0%| F|  |TAMS 0x000000034b800000| PB 0x000000034b800000| Untracked |  0
|  32|0x000000034bc00000, 0x000000034bc00000, 0x000000034c000000|  0%| F|  |TAMS 0x000000034bc00000| PB 0x000000034bc00000| Untracked |  0
|  33|0x000000034c000000, 0x000000034c000000, 0x000000034c400000|  0%| F|  |TAMS 0x000000034c000000| PB 0x000000034c000000| Untracked |  0
|  34|0x000000034c400000, 0x000000034c400000, 0x000000034c800000|  0%| F|  |TAMS 0x000000034c400000| PB 0x000000034c400000| Untracked |  0
|  35|0x000000034c800000, 0x000000034c800000, 0x000000034cc00000|  0%| F|  |TAMS 0x000000034c800000| PB 0x000000034c800000| Untracked |  0
|  36|0x000000034cc00000, 0x000000034cc00000, 0x000000034d000000|  0%| F|  |TAMS 0x000000034cc00000| PB 0x000000034cc00000| Untracked |  0
|  37|0x000000034d000000, 0x000000034d000000, 0x000000034d400000|  0%| F|  |TAMS 0x000000034d000000| PB 0x000000034d000000| Untracked |  0
|  38|0x000000034d400000, 0x000000034d400000, 0x000000034d800000|  0%| F|  |TAMS 0x000000034d400000| PB 0x000000034d400000| Untracked |  0
|  39|0x000000034d800000, 0x000000034d800000, 0x000000034dc00000|  0%| F|  |TAMS 0x000000034d800000| PB 0x000000034d800000| Untracked |  0
|  40|0x000000034dc00000, 0x000000034dc00000, 0x000000034e000000|  0%| F|  |TAMS 0x000000034dc00000| PB 0x000000034dc00000| Untracked |  0
|  41|0x000000034e000000, 0x000000034e000000, 0x000000034e400000|  0%| F|  |TAMS 0x000000034e000000| PB 0x000000034e000000| Untracked |  0
|  42|0x000000034e400000, 0x000000034e400000, 0x000000034e800000|  0%| F|  |TAMS 0x000000034e400000| PB 0x000000034e400000| Untracked |  0
|  43|0x000000034e800000, 0x000000034e800000, 0x000000034ec00000|  0%| F|  |TAMS 0x000000034e800000| PB 0x000000034e800000| Untracked |  0
|  44|0x000000034ec00000, 0x000000034ec00000, 0x000000034f000000|  0%| F|  |TAMS 0x000000034ec00000| PB 0x000000034ec00000| Untracked |  0
|  45|0x000000034f000000, 0x000000034f000000, 0x000000034f400000|  0%| F|  |TAMS 0x000000034f000000| PB 0x000000034f000000| Untracked |  0
|  46|0x000000034f400000, 0x000000034f400000, 0x000000034f800000|  0%| F|  |TAMS 0x000000034f400000| PB 0x000000034f400000| Untracked |  0
|  47|0x000000034f800000, 0x000000034f800000, 0x000000034fc00000|  0%| F|  |TAMS 0x000000034f800000| PB 0x000000034f800000| Untracked |  0
|  48|0x000000034fc00000, 0x000000034fc00000, 0x0000000350000000|  0%| F|  |TAMS 0x000000034fc00000| PB 0x000000034fc00000| Untracked |  0
|  49|0x0000000350000000, 0x0000000350000000, 0x0000000350400000|  0%| F|  |TAMS 0x0000000350000000| PB 0x0000000350000000| Untracked |  0
|  50|0x0000000350400000, 0x0000000350400000, 0x0000000350800000|  0%| F|  |TAMS 0x0000000350400000| PB 0x0000000350400000| Untracked |  0
|  51|0x0000000350800000, 0x0000000350800000, 0x0000000350c00000|  0%| F|  |TAMS 0x0000000350800000| PB 0x0000000350800000| Untracked |  0
|  52|0x0000000350c00000, 0x0000000350c00000, 0x0000000351000000|  0%| F|  |TAMS 0x0000000350c00000| PB 0x0000000350c00000| Untracked |  0
|  53|0x0000000351000000, 0x0000000351000000, 0x0000000351400000|  0%| F|  |TAMS 0x0000000351000000| PB 0x0000000351000000| Untracked |  0
|  54|0x0000000351400000, 0x0000000351400000, 0x0000000351800000|  0%| F|  |TAMS 0x0000000351400000| PB 0x0000000351400000| Untracked |  0
|  55|0x0000000351800000, 0x0000000351800000, 0x0000000351c00000|  0%| F|  |TAMS 0x0000000351800000| PB 0x0000000351800000| Untracked |  0
|  56|0x0000000351c00000, 0x0000000351c00000, 0x0000000352000000|  0%| F|  |TAMS 0x0000000351c00000| PB 0x0000000351c00000| Untracked |  0
|  57|0x0000000352000000, 0x0000000352000000, 0x0000000352400000|  0%| F|  |TAMS 0x0000000352000000| PB 0x0000000352000000| Untracked |  0
|  58|0x0000000352400000, 0x0000000352400000, 0x0000000352800000|  0%| F|  |TAMS 0x0000000352400000| PB 0x0000000352400000| Untracked |  0
|  59|0x0000000352800000, 0x0000000352800000, 0x0000000352c00000|  0%| F|  |TAMS 0x0000000352800000| PB 0x0000000352800000| Untracked |  0
|  60|0x0000000352c00000, 0x0000000352c00000, 0x0000000353000000|  0%| F|  |TAMS 0x0000000352c00000| PB 0x0000000352c00000| Untracked |  0
|  61|0x0000000353000000, 0x0000000353000000, 0x0000000353400000|  0%| F|  |TAMS 0x0000000353000000| PB 0x0000000353000000| Untracked |  0
|  62|0x0000000353400000, 0x0000000353400000, 0x0000000353800000|  0%| F|  |TAMS 0x0000000353400000| PB 0x0000000353400000| Untracked 